Mar 06, 2026 1:06:20 PM org.example.ScientificCalculator main
INFO: Application Begins.
Mar 06, 2026 1:06:32 PM org.example.ScientificCalculator main
WARNING: Square root error: Negative input -1.0
Mar 06, 2026 1:06:48 PM org.example.ScientificCalculator main
WARNING: Factorial error: Negative input -2
Mar 06, 2026 1:07:14 PM org.example.ScientificCalculator main
WARNING: Log error: Non-positive input -1.0
Mar 06, 2026 1:07:26 PM org.example.ScientificCalculator main
INFO: Power 0.0^0.0 = 1.0
Mar 06, 2026 1:07:38 PM org.example.ScientificCalculator main
INFO: User exited.
Mar 07, 2026 12:29:19 AM org.example.ScientificCalculator main
INFO: Application Begins.
Mar 07, 2026 12:29:37 AM org.example.ScientificCalculator main
WARNING: Factorial error: Negative input -1
Mar 07, 2026 12:29:45 AM org.example.ScientificCalculator main
WARNING: Log error: Non-positive input 0.0
Mar 07, 2026 12:29:51 AM org.example.ScientificCalculator main
INFO: Natural Log of 2.0 = 0.6931471805599453
Mar 07, 2026 12:29:55 AM org.example.ScientificCalculator main
INFO: User exited.
Mar 15, 2026 3:53:56 PM org.example.ScientificCalculator main
INFO: Application Begins.
Mar 15, 2026 3:54:19 PM org.example.ScientificCalculator main
INFO: Square Root of 65.0 = 8.06225774829855
Mar 15, 2026 3:54:28 PM org.example.ScientificCalculator main
INFO: Power 0.0^0.0 = 1.0
Mar 15, 2026 3:54:42 PM org.example.ScientificCalculator main
INFO: Power 2.0^-1.0 = 0.5
Mar 15, 2026 3:54:48 PM org.example.ScientificCalculator main
INFO: User exited.
Mar 17, 2026 10:35:37 AM org.example.ScientificCalculator main
INFO: Application Begins.
Mar 17, 2026 10:35:57 AM org.example.ScientificCalculator main
INFO: Natural Log of 5.0 = 1.6094379124341003
Mar 17, 2026 10:36:02 AM org.example.ScientificCalculator main
INFO: User exited.
